tar_source() only sources R scripts. Ignoring non-R files: /home/francisco/Documentos/R-Projects/dam_drought_effectiveness/src/R/causal/.gitkeep, /home/francisco/Documentos/R-Projects/dam_drought_effectiveness/src/R/data_ingestion/.gitkeep, /home/francisco/Documentos/R-Projects/dam_drought_effectiveness/src/R/drought/.gitkeep, /home/francisco/Documentos/R-Projects/dam_drought_effectiveness/src/R/landuse/.gitkeep, /home/francisco/Documentos/R-Projects/dam_drought_effectiveness/src/R/matching/.gitkeep, /home/francisco/Documentos/R-Projects/dam_drought_effectiveness/src/R/preprocessing/.gitkeep, /home/francisco/Documentos/R-Projects/dam_drought_effectiveness/src/R/reservoirs/.gitkeep, /home/francisco/Documentos/R-Projects/dam_drought_effectiveness/src/R/statistics/.gitkeep, /home/francisco/Documentos/R-Projects/dam_drought_effectiveness/src/R/utils/.gitkeep, /home/francisco/Documentos/R-Projects/dam_drought_effectiveness/src/R/vegetation/.gitkeep, /home/francisco/Documentos/R-Projects/dam_drought_effectiveness/src/R/visualization/.gitkeep
+ orchard_root dispatched
✔ orchard_root completed [1ms, 119 B]
+ spei_stack_24 dispatched
✔ spei_stack_24 completed [24ms, 1.67 kB]
+ znpp_stack_full dispatched
✔ znpp_stack_full completed [16ms, 330 B]
+ dem_path dispatched
✔ dem_path completed [0ms, 570.84 MB]
+ zc6_stack dispatched
✔ zc6_stack completed [23ms, 1.94 kB]
+ spei_stack dispatched
✔ spei_stack completed [2ms, 1.67 kB]
+ spei3_stack dispatched
✔ spei3_stack completed [4ms, 1.97 kB]
+ mb_area_paths dispatched
✔ mb_area_paths completed [30ms, 3.83 GB]
+ spei_stack_6 dispatched
✔ spei_stack_6 completed [384ms, 1.64 kB]
+ raster_catalog dispatched
✔ raster_catalog completed [13.2s, 37.41 kB]
+ orchards_latest dispatched
✔ orchards_latest completed [25.5s, 14.21 MB]
+ fig_storage_obj dispatched
✔ fig_storage_obj completed [413ms, 897.48 kB]
+ fig_storage_file dispatched
`height` was translated to `width`.
`height` was translated to `width`.
✔ fig_storage_file completed [1.5s, 219.38 kB]
+ fig_balance_obj dispatched
✔ fig_balance_obj completed [289ms, 1.29 MB]
+ fig_balance_file dispatched
✔ fig_balance_file completed [2s, 289.59 kB]
+ forcing_subcuencas_full dispatched
✔ forcing_subcuencas_full completed [9.9s, 51.29 kB]
+ fig_forcing_obj dispatched
✔ fig_forcing_obj completed [454ms, 2.07 MB]
+ fig_study_area_obj dispatched
✔ fig_study_area_obj completed [595ms, 43.07 MB]
+ fig_forcing_file dispatched
✔ fig_forcing_file completed [1.1s, 294.16 kB]
+ fig_study_area_file dispatched
✔ fig_study_area_file completed [4.9s, 1.63 MB]
+ fig_area_did_obj dispatched
✔ fig_area_did_obj completed [407ms, 2.81 MB]
+ fig_area_did_file dispatched
✔ fig_area_did_file completed [1.1s, 187.60 kB]
+ equivalence_table dispatched
✔ equivalence_table completed [22.6s, 642 B]
+ table_equivalence_file dispatched
✔ table_equivalence_file completed [40ms, 1.58 kB]
+ fig_informative_obj dispatched
✔ fig_informative_obj completed [345ms, 985.79 kB]
+ fig_informative_file dispatched
`height` was translated to `width`.
`height` was translated to `width`.
✔ fig_informative_file completed [1s, 199.49 kB]
+ fig_streamflow_obj dispatched
✔ fig_streamflow_obj completed [221ms, 1.89 MB]
+ siting_ladder dispatched
✔ siting_ladder completed [239ms, 697 B]
+ fig_streamflow_file dispatched
`geom_smooth()` using formula = 'y ~ x'
`height` was translated to `width`.
`geom_smooth()` using formula = 'y ~ x'
`height` was translated to `width`.
✔ fig_streamflow_file completed [1s, 208.03 kB]
+ fig_convergent_obj dispatched
✔ fig_convergent_obj completed [134ms, 433.10 kB]
+ fig_ladder_obj dispatched
✔ fig_ladder_obj completed [150ms, 433.83 kB]
+ table_siting_ladder_file dispatched
✔ table_siting_ladder_file completed [2ms, 2.68 kB]
+ fig_convergent_file dispatched
`height` was translated to `width`.
`height` was translated to `width`.
✔ fig_convergent_file completed [700ms, 136.77 kB]
+ fig_ladder_file dispatched
`height` was translated to `width`.
`height` was translated to `width`.
✔ fig_ladder_file completed [915ms, 237.51 kB]
✔ ended pipeline [2m 7.7s, 34 completed, 141 skipped]
Avisos:
1: `geom_errorbarh()` was deprecated in ggplot2 4.0.0.
ℹ Please use the `orientation` argument of `geom_errorbar()` instead. 
2: Removed 1 row containing missing values or values outside the scale range
(`geom_ribbon()`). 
3: Removed 1 row containing missing values or values outside the scale range
(`geom_ribbon()`). 
4: Ignoring unknown parameters: `orientation` 
5: 3 targets produced warnings. Run targets::tar_meta(fields = warnings, complete_only = TRUE) for the messages. 
